[
  {
    "urls": [
      {
        "url": "https://scontent-lga3-1.cdninstagram.com/o1/v/t16/f2/m69/AQNZitRPW3nDYAINfueyPmR-5qxHHhPIBdGS-19BiZHwbiSD4O2tBQvfbFdsXLqHzEqweQZaP5qSNZ3dLl2ws2Bx.mp4?strext=1&_nc_cat=111&_nc_sid=5e9851&_nc_ht=scontent-lga3-1.cdninstagram.com&_nc_ohc=9FgBz5KSvOQQ7kNvwEYO-Gg&efg=eyJ2ZW5jb2RlX3RhZyI6Inhwdl9wcm9ncmVzc2l2ZS5JTlNUQUdSQU0uQ0xJUFMuQzMuMTI3Ni5kYXNoX2Jhc2VsaW5lXzFfdjEiLCJ4cHZfYXNzZXRfaWQiOjE3ODU0OTc0ODE2NjY5NzUwLCJhc3NldF9hZ2VfZGF5cyI6MCwidmlfdXNlY2FzZV9pZCI6MTAwOTksImR1cmF0aW9uX3MiOjM4LCJ1cmxnZW5fc291cmNlIjoid3d3In0%3D&ccb=17-1&_nc_gid=Kmi14GcN1jtdbI5mnIQZ7g&_nc_zt=28&vs=69499ef153af127d&_nc_vs=HBksFQIYOnBhc3N0aHJvdWdoX2V2ZXJzdG9yZS9HSkdtTXlZMTVpaDdSSnNIQUZzZjB5RV8wdnQxYnNwVEFRQUYVAALIARIAFQIYUWlnX3hwdl9wbGFjZW1lbnRfcGVybWFuZW50X3YyLzlENEU2NzhBRTJCMDgyMEU2MjYzNEIxRkVBMEMyQThFX2F1ZGlvX2Rhc2hpbml0Lm1wNBUCAsgBEgAoABgAGwKIB3VzZV9vaWwBMRJwcm9ncmVzc2l2ZV9yZWNpcGUBMRUAACbswN72qMC3PxUCKAJDMywXQENFP3ztkWgYEmRhc2hfYmFzZWxpbmVfMV92MREAdf4HZeadAQA&oh=00_AfvPAi422zv32gZH-D8mmrlSSTfflngQaG39vpwOHp0uyA&oe=69A533BD&dl=1",
        "name": "MP4",
        "extension": "mp4"
      }
    ],
    "meta": {
      "title": "Пророк Санбой - Три полоски (AI cover Animal Jazz)",
      "sourceUrl": "https://www.instagram.com/reel/DVK_dlvCKrS/",
      "shortcode": "DVK_dlvCKrS",
      "commentCount": 10,
      "likeCount": 1114,
      "takenAt": 1772002800,
      "comments": [
        {
          "text": "😍",
          "username": "keratin_ogni"
        },
        {
          "text": "Супер!! 👍",
          "username": "tim_h_m"
        },
        {
          "text": "Пока Санбой спал, его джинсы порезали",
          "username": "azigzaga"
        },
        {
          "text": "Теперь это оригинал.",
          "username": "lex_dorian"
        },
        {
          "text": "Недооценённый рилс",
          "username": "cdmm249"
        },
        {
          "text": "Да вы, батенька, эстет 😌",
          "username": "archipivarius"
        },
        {
          "text": "Наконец-то годнота 🔥",
          "username": "azatstr"
        },
        {
          "text": "Вот это разьёб 🔥🙌👏",
          "username": "follow_me_eba"
        },
        {
          "text": "Геннадий Герасимович прекрасен в любом стиле!😂🤘🏻🔥🔥🔥",
          "username": "alexbloom.ai"
        },
        {
          "text": "Эххх... ностальгия 😁",
          "username": "hovalsky"
        }
      ],
      "username": "gagua.ai"
    },
    "pictureUrl": "https://scontent-lga3-1.cdninstagram.com/v/t51.82787-15/641717911_17893668597419240_6596032331821185186_n.jpg?stp=dst-jpg_e15_tt6&_nc_ht=scontent-lga3-1.cdninstagram.com&_nc_cat=108&_nc_oc=Q6cZ2QE1vwxN4FkAHy0mjMeZJXzd32RPe-Cx0AEv0DtJRQwIl_a_v-6EcrOqYHIM6y4uj7SDcZ-NRRvVdUtKtJvHS_bS&_nc_ohc=dXblMHGAEm0Q7kNvwGXwp32&_nc_gid=Kmi14GcN1jtdbI5mnIQZ7g&edm=ANTKIIoBAAAA&ccb=7-5&oh=00_Afu038BMfXQJeb86i_36cinpHT4mlVgjgC396tutbV4esA&oe=69A51F2C&_nc_sid=d885a2",
    "pictureUrlWrapped": "/api/instagram/get?__sig=k39MddWYqADWqUhe5kUHEA&__expires=1772197994&uri=https%3A%2F%2Fscontent-lga3-1.cdninstagram.com%2Fv%2Ft51.82787-15%2F641717911_17893668597419240_6596032331821185186_n.jpg%3Fstp%3Ddst-jpg_e15_tt6%26_nc_ht%3Dscontent-lga3-1.cdninstagram.com%26_nc_cat%3D108%26_nc_oc%3DQ6cZ2QE1vwxN4FkAHy0mjMeZJXzd32RPe-Cx0AEv0DtJRQwIl_a_v-6EcrOqYHIM6y4uj7SDcZ-NRRvVdUtKtJvHS_bS%26_nc_ohc%3DdXblMHGAEm0Q7kNvwGXwp32%26_nc_gid%3DKmi14GcN1jtdbI5mnIQZ7g%26edm%3DANTKIIoBAAAA%26ccb%3D7-5%26oh%3D00_Afu038BMfXQJeb86i_36cinpHT4mlVgjgC396tutbV4esA%26oe%3D69A51F2C%26_nc_sid%3Dd885a2&filename=641717911_17893668597419240_6596032331821185186_n.jpg",
    "service": "instagram.com"
  }
]